e:\git projects\directx12lab\directx12lab\x64\debug\vc145.pdb
e:\git projects\directx12lab\directx12lab\x64\debug\vc145.idb
e:\git projects\directx12lab\directx12lab\x64\debug\main.obj
e:\git projects\directx12lab\directx12lab\x64\debug\tiny_obj_loader.obj
e:\git projects\directx12lab\directx12lab\x64\debug\renderingsystem.obj
e:\git projects\directx12lab\directx12lab\x64\debug\mathhelper.obj
e:\git projects\directx12lab\directx12lab\x64\debug\gbuffer.obj
e:\git projects\directx12lab\directx12lab\x64\debug\gametimer.obj
e:\git projects\directx12lab\directx12lab\x64\debug\ddstextureloader.obj
e:\git projects\directx12lab\directx12lab\x64\debug\d3dutil.obj
e:\git projects\directx12lab\directx12lab\x64\debug\d3dapp.obj
e:\git projects\directx12lab\directx12lab\x64\debug\camera.obj
e:\git projects\directx12lab\directx12lab\x64\debug\app.obj
e:\git projects\directx12lab\x64\debug\geometry_ps.cso
e:\git projects\directx12lab\x64\debug\geometry_vs.cso
e:\git projects\directx12lab\x64\debug\fullscreen_vs.cso
e:\git projects\directx12lab\x64\debug\deferred_ps.cso
e:\git projects\directx12lab\x64\debug\directx12lab.exe
e:\git projects\directx12lab\x64\debug\directx12lab.pdb
e:\git projects\directx12lab\directx12lab\x64\debug\directx12lab.ilk
e:\git projects\directx12lab\directx12lab\x64\debug\directx12lab.tlog\cl.command.1.tlog
e:\git projects\directx12lab\directx12lab\x64\debug\directx12lab.tlog\cl.items.tlog
e:\git projects\directx12lab\directx12lab\x64\debug\directx12lab.tlog\cl.read.1.tlog
e:\git projects\directx12lab\directx12lab\x64\debug\directx12lab.tlog\cl.write.1.tlog
e:\git projects\directx12lab\directx12lab\x64\debug\directx12lab.tlog\fxc.command.1.tlog
e:\git projects\directx12lab\directx12lab\x64\debug\directx12lab.tlog\fxc.read.1.tlog
e:\git projects\directx12lab\directx12lab\x64\debug\directx12lab.tlog\fxc.write.1.tlog
e:\git projects\directx12lab\directx12lab\x64\debug\directx12lab.tlog\link.command.1.tlog
e:\git projects\directx12lab\directx12lab\x64\debug\directx12lab.tlog\link.read.1.tlog
e:\git projects\directx12lab\directx12lab\x64\debug\directx12lab.tlog\link.secondary.1.tlog
e:\git projects\directx12lab\directx12lab\x64\debug\directx12lab.tlog\link.write.1.tlog
